// Jest Snapshot v1, https://goo.gl/fbAQLP

exports[`The Starter Block when given custom data should render the block using the custom data 1`] = `
<block
  text="Hello from props"
>
  <Component />
</block>
`;

exports[`The Starter Block when mounted with default data should match the snapshot 1`] = `
<bound createElementWithValidation>
  <block>
    <block
      StyleSheet={
        Object {
          "create": [Function],
          "extend": [Function],
          "rehydrate": [Function],
        }
      }
      classes={Object {}}
      css={[Function]}
      text="Default prop"
    >
      <h1>
        Default prop
      </h1>
    </block>
  </block>
</bound createElementWithValidation>
`;

exports[`The Starter Block when there is no custom data should render the block with the default content 1`] = `
<h1>
  Default prop
</h1>
`;
